../Core/Src/main.c:59:6:ToggleLED1	8	static
../Core/Src/main.c:62:6:ToggleLED2	8	static
../Core/Src/main.c:65:6:ToggleLED3	8	static
../Core/Src/main.c:68:6:ToggleLED4	8	static
../Core/Src/main.c:71:6:ToggleLED5	8	static
../Core/Src/main.c:80:5:main	8	static
../Core/Src/main.c:132:6:SystemClock_Config	72	static
../Core/Src/main.c:169:13:MX_TIM2_Init	32	static
../Core/Src/main.c:214:13:MX_GPIO_Init	32	static
../Core/Src/main.c:242:6:HAL_TIM_PeriodElapsedCallback	16	static
../Core/Src/main.c:251:6:Error_Handler	4	static,ignoring_inline_asm
